main.c:201:1:__io_putchar	16	static
main.c:211:6:lcd_send_cmd	32	static
main.c:224:6:lcd_send_data	32	static
main.c:237:6:lcd_init	8	static
main.c:267:6:lcd_send_string	16	static
main.c:272:6:lcd_clear	8	static
main.c:277:6:lcd_home	8	static
main.c:282:6:lcd_setCursor	16	static
main.c:293:6:lcd_characterDatainput	8	static
main.c:305:6:lcd_createSpecialCharacter	24	static
main.c:314:6:lcd_incrementDDRAM	8	static
main.c:320:6:lcd_decrementDDRAM	8	static
main.c:327:6:lcd_shiftEntiredisplayLeft	8	static
main.c:334:6:lcd_shiftEntiredisplayRight	8	static
main.c:343:6:lcd_display	8	static
main.c:349:6:lcd_nodisplay	8	static
main.c:355:6:lcd_cursor	8	static
main.c:362:6:lcd_nocursor	8	static
main.c:369:6:lcd_blink	8	static
main.c:376:6:lcd_noblink	8	static
main.c:385:6:lcd_shiftCursorLeft	8	static
main.c:391:6:lcd_shiftCursorRight	8	static
main.c:398:6:lcd_shiftAllDisplayLeft	8	static
main.c:405:6:lcd_shiftAllDisplayRight	8	static
main.c:413:6:lcd_address_search	16	static
main.c:438:5:main	16	static
main.c:610:6:SystemClock_Config	72	static
main.c:647:13:MX_I2C2_Init	8	static
main.c:681:13:MX_USART2_UART_Init	8	static
main.c:714:13:MX_GPIO_Init	40	static
main.c:754:6:Error_Handler	4	static
