15:11:27 **** Incremental Build of configuration Debug for project a14-07-vs100-uart ****
make -j16 all 
arm-none-eabi-gcc "../Core/Src/main.c" -mcpu=cortex-m3 -std=gnu11 -g3 -DUSE_HAL_DRIVER -DSTM32F103xB -DDEBUG -c -I../Drivers/CMSIS/Device/ST/STM32F1xx/Include -I../Drivers/CMSIS/Include -I../Core/Inc -I../Drivers/STM32F1xx_HAL_Driver/Inc/Legacy -I../Drivers/STM32F1xx_HAL_Driver/Inc -O0 -ffunction-sections -fdata-sections -Wall -fstack-usage -MMD -MP -MF"Core/Src/main.d" -MT"Core/Src/main.o" --specs=nano.specs -mfloat-abi=soft -mthumb -o "Core/Src/main.o"
../Core/Src/main.c: In function 'main':
../Core/Src/main.c:310:20: warning: unused variable 'uart2status' [-Wunused-variable]
  HAL_StatusTypeDef uart2status;
                    ^~~~~~~~~~~
arm-none-eabi-gcc -o "a14-07-vs100-uart.elf" @"objects.list"   -mcpu=cortex-m3 -T"C:\a14\a14-07-vs100-uart\STM32F103RBTX_FLASH.ld" --specs=nosys.specs -Wl,-Map="a14-07-vs100-uart.map" -Wl,--gc-sections -static --specs=nano.specs -mfloat-abi=soft -mthumb -Wl,--start-group -lc -lm -Wl,--end-group
Finished building target: a14-07-vs100-uart.elf
 
arm-none-eabi-objdump -h -S  a14-07-vs100-uart.elf  > "a14-07-vs100-uart.list"
arm-none-eabi-objcopy  -O binary  a14-07-vs100-uart.elf  "a14-07-vs100-uart.bin"
arm-none-eabi-size   a14-07-vs100-uart.elf 
   text	   data	    bss	    dec	    hex	filename
  14696	    120	   1984	  16800	   41a0	a14-07-vs100-uart.elf
Finished building: default.size.stdout
 
Finished building: a14-07-vs100-uart.bin
 
Finished building: a14-07-vs100-uart.list
 

15:11:28 Build Finished. 0 errors, 1 warnings. (took 686ms)

