11:40:29 **** Incremental Build of configuration Release for project a14-05-uartTRXmode ****
make -j16 all 
arm-none-eabi-size   a14-05-uartTRXmode.elf 
   text	   data	    bss	    dec	    hex	filename
  10628	    120	   2040	  12788	   31f4	a14-05-uartTRXmode.elf
Finished building: default.size.stdout
 
11:40:32 **** Incremental Build of configuration Release for project a14-05-uartTRXmode ****
make -j16 all 
arm-none-eabi-size   a14-05-uartTRXmode.elf 
   text	   data	    bss	    dec	    hex	filename
  10628	    120	   2040	  12788	   31f4	a14-05-uartTRXmode.elf
Finished building: default.size.stdout
 
11:41:10 **** Incremental Build of configuration Release for project a14-05-uartTRXmode ****
make -j16 all 
arm-none-eabi-size   a14-05-uartTRXmode.elf 
   text	   data	    bss	    dec	    hex	filename
  10628	    120	   2040	  12788	   31f4	a14-05-uartTRXmode.elf
Finished building: default.size.stdout
 
11:41:20 **** Incremental Build of configuration Release for project a14-05-uartTRXmode ****
make -j16 all 
arm-none-eabi-size   a14-05-uartTRXmode.elf 
   text	   data	    bss	    dec	    hex	filename
  10628	    120	   2040	  12788	   31f4	a14-05-uartTRXmode.elf
Finished building: default.size.stdout
 
