12:15:33 **** Incremental Build of configuration Debug for project a14-dht11-gpio ****
make -j16 all 
arm-none-eabi-gcc "../Core/Src/main.c" -mcpu=cortex-m3 -std=gnu11 -g3 -DUSE_HAL_DRIVER -DSTM32F103xB -DDEBUG -c -I../Drivers/CMSIS/Device/ST/STM32F1xx/Include -I../Drivers/CMSIS/Include -I../Core/Inc -I../Drivers/STM32F1xx_HAL_Driver/Inc/Legacy -I../Drivers/STM32F1xx_HAL_Driver/Inc -O0 -ffunction-sections -fdata-sections -Wall -fstack-usage -MMD -MP -MF"Core/Src/main.d" -MT"Core/Src/main.o" --specs=nano.specs -mfloat-abi=soft -mthumb -o "Core/Src/main.o"
../Core/Src/main.c: In function 'DHT11_Data_Read':
../Core/Src/main.c:134:10: warning: unused variable 'k' [-Wunused-variable]
  int i,j,k;
          ^
arm-none-eabi-gcc -o "a14-dht11-gpio.elf" @"objects.list"   -mcpu=cortex-m3 -T"C:\Users\user\Downloads\Visual-C\a14-16-2\a14-dht11-gpio\STM32F103RBTX_FLASH.ld" --specs=nosys.specs -Wl,-Map="a14-dht11-gpio.map" -Wl,--gc-sections -static --specs=nano.specs -mfloat-abi=soft -mthumb -Wl,--start-group -lc -lm -Wl,--end-group
Finished building target: a14-dht11-gpio.elf
 
arm-none-eabi-objdump -h -S  a14-dht11-gpio.elf  > "a14-dht11-gpio.list"
arm-none-eabi-objcopy  -O binary  a14-dht11-gpio.elf  "a14-dht11-gpio.bin"
arm-none-eabi-size   a14-dht11-gpio.elf 
   text	   data	    bss	    dec	    hex	filename
  13804	    120	   1840	  15764	   3d94	a14-dht11-gpio.elf
Finished building: default.size.stdout
 
Finished building: a14-dht11-gpio.bin
 
Finished building: a14-dht11-gpio.list
 

12:15:34 Build Finished. 0 errors, 1 warnings. (took 990ms)

