11:15:52 **** Build of configuration Debug for project a14-dht11-gpio ****
make -j16 all 
arm-none-eabi-gcc "../Drivers/STM32F1xx_HAL_Driver/Src/stm32f1xx_hal.c" -mcpu=cortex-m3 -std=gnu11 -g3 -DUSE_HAL_DRIVER -DSTM32F103xB -DDEBUG -c -I../Drivers/CMSIS/Device/ST/STM32F1xx/Include -I../Drivers/CMSIS/Include -I../Core/Inc -I../Drivers/STM32F1xx_HAL_Driver/Inc/Legacy -I../Drivers/STM32F1xx_HAL_Driver/Inc -O0 -ffunction-sections -fdata-sections -Wall -fstack-usage -MMD -MP -MF"Drivers/STM32F1xx_HAL_Driver/Src/stm32f1xx_hal.d" -MT"Drivers/STM32F1xx_HAL_Driver/Src/stm32f1xx_hal.o" --specs=nano.specs -mfloat-abi=soft -mthumb -o "Drivers/STM32F1xx_HAL_Driver/Src/stm32f1xx_hal.o"
arm-none-eabi-gcc "../Drivers/STM32F1xx_HAL_Driver/Src/stm32f1xx_hal_cortex.c" -mcpu=cortex-m3 -std=gnu11 -g3 -DUSE_HAL_DRIVER -DSTM32F103xB -DDEBUG -c -I../Drivers/CMSIS/Device/ST/STM32F1xx/Include -I../Drivers/CMSIS/Include -I../Core/Inc -I../Drivers/STM32F1xx_HAL_Driver/Inc/Legacy -I../Drivers/STM32F1xx_HAL_Driver/Inc -O0 -ffunction-sections -fdata-sections -Wall -fstack-usage -MMD -MP -MF"Drivers/STM32F1xx_HAL_Driver/Src/stm32f1xx_hal_cortex.d" -MT"Drivers/STM32F1xx_HAL_Driver/Src/stm32f1xx_hal_cortex.o" --specs=nano.specs -mfloat-abi=soft -mthumb -o "Drivers/STM32F1xx_HAL_Driver/Src/stm32f1xx_hal_cortex.o"
arm-none-eabi-gcc "../Drivers/STM32F1xx_HAL_Driver/Src/stm32f1xx_hal_dma.c" -mcpu=cortex-m3 -std=gnu11 -g3 -DUSE_HAL_DRIVER -DSTM32F103xB -DDEBUG -c -I../Drivers/CMSIS/Device/ST/STM32F1xx/Include -I../Drivers/CMSIS/Include -I../Core/Inc -I../Drivers/STM32F1xx_HAL_Driver/Inc/Legacy -I../Drivers/STM32F1xx_HAL_Driver/Inc -O0 -ffunction-sections -fdata-sections -Wall -fstack-usage -MMD -MP -MF"Drivers/STM32F1xx_HAL_Driver/Src/stm32f1xx_hal_dma.d" -MT"Drivers/STM32F1xx_HAL_Driver/Src/stm32f1xx_hal_dma.o" --specs=nano.specs -mfloat-abi=soft -mthumb -o "Drivers/STM32F1xx_HAL_Driver/Src/stm32f1xx_hal_dma.o"
arm-none-eabi-gcc "../Drivers/STM32F1xx_HAL_Driver/Src/stm32f1xx_hal_exti.c" -mcpu=cortex-m3 -std=gnu11 -g3 -DUSE_HAL_DRIVER -DSTM32F103xB -DDEBUG -c -I../Drivers/CMSIS/Device/ST/STM32F1xx/Include -I../Drivers/CMSIS/Include -I../Core/Inc -I../Drivers/STM32F1xx_HAL_Driver/Inc/Legacy -I../Drivers/STM32F1xx_HAL_Driver/Inc -O0 -ffunction-sections -fdata-sections -Wall -fstack-usage -MMD -MP -MF"Drivers/STM32F1xx_HAL_Driver/Src/stm32f1xx_hal_exti.d" -MT"Drivers/STM32F1xx_HAL_Driver/Src/stm32f1xx_hal_exti.o" --specs=nano.specs -mfloat-abi=soft -mthumb -o "Drivers/STM32F1xx_HAL_Driver/Src/stm32f1xx_hal_exti.o"
arm-none-eabi-gcc "../Drivers/STM32F1xx_HAL_Driver/Src/stm32f1xx_hal_flash.c" -mcpu=cortex-m3 -std=gnu11 -g3 -DUSE_HAL_DRIVER -DSTM32F103xB -DDEBUG -c -I../Drivers/CMSIS/Device/ST/STM32F1xx/Include -I../Drivers/CMSIS/Include -I../Core/Inc -I../Drivers/STM32F1xx_HAL_Driver/Inc/Legacy -I../Drivers/STM32F1xx_HAL_Driver/Inc -O0 -ffunction-sections -fdata-sections -Wall -fstack-usage -MMD -MP -MF"Drivers/STM32F1xx_HAL_Driver/Src/stm32f1xx_hal_flash.d" -MT"Drivers/STM32F1xx_HAL_Driver/Src/stm32f1xx_hal_flash.o" --specs=nano.specs -mfloat-abi=soft -mthumb -o "Drivers/STM32F1xx_HAL_Driver/Src/stm32f1xx_hal_flash.o"
arm-none-eabi-gcc "../Drivers/STM32F1xx_HAL_Driver/Src/stm32f1xx_hal_flash_ex.c" -mcpu=cortex-m3 -std=gnu11 -g3 -DUSE_HAL_DRIVER -DSTM32F103xB -DDEBUG -c -I../Drivers/CMSIS/Device/ST/STM32F1xx/Include -I../Drivers/CMSIS/Include -I../Core/Inc -I../Drivers/STM32F1xx_HAL_Driver/Inc/Legacy -I../Drivers/STM32F1xx_HAL_Driver/Inc -O0 -ffunction-sections -fdata-sections -Wall -fstack-usage -MMD -MP -MF"Drivers/STM32F1xx_HAL_Driver/Src/stm32f1xx_hal_flash_ex.d" -MT"Drivers/STM32F1xx_HAL_Driver/Src/stm32f1xx_hal_flash_ex.o" --specs=nano.specs -mfloat-abi=soft -mthumb -o "Drivers/STM32F1xx_HAL_Driver/Src/stm32f1xx_hal_flash_ex.o"
arm-none-eabi-gcc "../Drivers/STM32F1xx_HAL_Driver/Src/stm32f1xx_hal_gpio.c" -mcpu=cortex-m3 -std=gnu11 -g3 -DUSE_HAL_DRIVER -DSTM32F103xB -DDEBUG -c -I../Drivers/CMSIS/Device/ST/STM32F1xx/Include -I../Drivers/CMSIS/Include -I../Core/Inc -I../Drivers/STM32F1xx_HAL_Driver/Inc/Legacy -I../Drivers/STM32F1xx_HAL_Driver/Inc -O0 -ffunction-sections -fdata-sections -Wall -fstack-usage -MMD -MP -MF"Drivers/STM32F1xx_HAL_Driver/Src/stm32f1xx_hal_gpio.d" -MT"Drivers/STM32F1xx_HAL_Driver/Src/stm32f1xx_hal_gpio.o" --specs=nano.specs -mfloat-abi=soft -mthumb -o "Drivers/STM32F1xx_HAL_Driver/Src/stm32f1xx_hal_gpio.o"
arm-none-eabi-gcc "../Drivers/STM32F1xx_HAL_Driver/Src/stm32f1xx_hal_gpio_ex.c" -mcpu=cortex-m3 -std=gnu11 -g3 -DUSE_HAL_DRIVER -DSTM32F103xB -DDEBUG -c -I../Drivers/CMSIS/Device/ST/STM32F1xx/Include -I../Drivers/CMSIS/Include -I../Core/Inc -I../Drivers/STM32F1xx_HAL_Driver/Inc/Legacy -I../Drivers/STM32F1xx_HAL_Driver/Inc -O0 -ffunction-sections -fdata-sections -Wall -fstack-usage -MMD -MP -MF"Drivers/STM32F1xx_HAL_Driver/Src/stm32f1xx_hal_gpio_ex.d" -MT"Drivers/STM32F1xx_HAL_Driver/Src/stm32f1xx_hal_gpio_ex.o" --specs=nano.specs -mfloat-abi=soft -mthumb -o "Drivers/STM32F1xx_HAL_Driver/Src/stm32f1xx_hal_gpio_ex.o"
arm-none-eabi-gcc "../Drivers/STM32F1xx_HAL_Driver/Src/stm32f1xx_hal_pwr.c" -mcpu=cortex-m3 -std=gnu11 -g3 -DUSE_HAL_DRIVER -DSTM32F103xB -DDEBUG -c -I../Drivers/CMSIS/Device/ST/STM32F1xx/Include -I../Drivers/CMSIS/Include -I../Core/Inc -I../Drivers/STM32F1xx_HAL_Driver/Inc/Legacy -I../Drivers/STM32F1xx_HAL_Driver/Inc -O0 -ffunction-sections -fdata-sections -Wall -fstack-usage -MMD -MP -MF"Drivers/STM32F1xx_HAL_Driver/Src/stm32f1xx_hal_pwr.d" -MT"Drivers/STM32F1xx_HAL_Driver/Src/stm32f1xx_hal_pwr.o" --specs=nano.specs -mfloat-abi=soft -mthumb -o "Drivers/STM32F1xx_HAL_Driver/Src/stm32f1xx_hal_pwr.o"
arm-none-eabi-gcc "../Drivers/STM32F1xx_HAL_Driver/Src/stm32f1xx_hal_rcc.c" -mcpu=cortex-m3 -std=gnu11 -g3 -DUSE_HAL_DRIVER -DSTM32F103xB -DDEBUG -c -I../Drivers/CMSIS/Device/ST/STM32F1xx/Include -I../Drivers/CMSIS/Include -I../Core/Inc -I../Drivers/STM32F1xx_HAL_Driver/Inc/Legacy -I../Drivers/STM32F1xx_HAL_Driver/Inc -O0 -ffunction-sections -fdata-sections -Wall -fstack-usage -MMD -MP -MF"Drivers/STM32F1xx_HAL_Driver/Src/stm32f1xx_hal_rcc.d" -MT"Drivers/STM32F1xx_HAL_Driver/Src/stm32f1xx_hal_rcc.o" --specs=nano.specs -mfloat-abi=soft -mthumb -o "Drivers/STM32F1xx_HAL_Driver/Src/stm32f1xx_hal_rcc.o"
arm-none-eabi-gcc "../Drivers/STM32F1xx_HAL_Driver/Src/stm32f1xx_hal_rcc_ex.c" -mcpu=cortex-m3 -std=gnu11 -g3 -DUSE_HAL_DRIVER -DSTM32F103xB -DDEBUG -c -I../Drivers/CMSIS/Device/ST/STM32F1xx/Include -I../Drivers/CMSIS/Include -I../Core/Inc -I../Drivers/STM32F1xx_HAL_Driver/Inc/Legacy -I../Drivers/STM32F1xx_HAL_Driver/Inc -O0 -ffunction-sections -fdata-sections -Wall -fstack-usage -MMD -MP -MF"Drivers/STM32F1xx_HAL_Driver/Src/stm32f1xx_hal_rcc_ex.d" -MT"Drivers/STM32F1xx_HAL_Driver/Src/stm32f1xx_hal_rcc_ex.o" --specs=nano.specs -mfloat-abi=soft -mthumb -o "Drivers/STM32F1xx_HAL_Driver/Src/stm32f1xx_hal_rcc_ex.o"
arm-none-eabi-gcc "../Drivers/STM32F1xx_HAL_Driver/Src/stm32f1xx_hal_tim.c" -mcpu=cortex-m3 -std=gnu11 -g3 -DUSE_HAL_DRIVER -DSTM32F103xB -DDEBUG -c -I../Drivers/CMSIS/Device/ST/STM32F1xx/Include -I../Drivers/CMSIS/Include -I../Core/Inc -I../Drivers/STM32F1xx_HAL_Driver/Inc/Legacy -I../Drivers/STM32F1xx_HAL_Driver/Inc -O0 -ffunction-sections -fdata-sections -Wall -fstack-usage -MMD -MP -MF"Drivers/STM32F1xx_HAL_Driver/Src/stm32f1xx_hal_tim.d" -MT"Drivers/STM32F1xx_HAL_Driver/Src/stm32f1xx_hal_tim.o" --specs=nano.specs -mfloat-abi=soft -mthumb -o "Drivers/STM32F1xx_HAL_Driver/Src/stm32f1xx_hal_tim.o"
arm-none-eabi-gcc "../Drivers/STM32F1xx_HAL_Driver/Src/stm32f1xx_hal_tim_ex.c" -mcpu=cortex-m3 -std=gnu11 -g3 -DUSE_HAL_DRIVER -DSTM32F103xB -DDEBUG -c -I../Drivers/CMSIS/Device/ST/STM32F1xx/Include -I../Drivers/CMSIS/Include -I../Core/Inc -I../Drivers/STM32F1xx_HAL_Driver/Inc/Legacy -I../Drivers/STM32F1xx_HAL_Driver/Inc -O0 -ffunction-sections -fdata-sections -Wall -fstack-usage -MMD -MP -MF"Drivers/STM32F1xx_HAL_Driver/Src/stm32f1xx_hal_tim_ex.d" -MT"Drivers/STM32F1xx_HAL_Driver/Src/stm32f1xx_hal_tim_ex.o" --specs=nano.specs -mfloat-abi=soft -mthumb -o "Drivers/STM32F1xx_HAL_Driver/Src/stm32f1xx_hal_tim_ex.o"
arm-none-eabi-gcc "../Drivers/STM32F1xx_HAL_Driver/Src/stm32f1xx_hal_uart.c" -mcpu=cortex-m3 -std=gnu11 -g3 -DUSE_HAL_DRIVER -DSTM32F103xB -DDEBUG -c -I../Drivers/CMSIS/Device/ST/STM32F1xx/Include -I../Drivers/CMSIS/Include -I../Core/Inc -I../Drivers/STM32F1xx_HAL_Driver/Inc/Legacy -I../Drivers/STM32F1xx_HAL_Driver/Inc -O0 -ffunction-sections -fdata-sections -Wall -fstack-usage -MMD -MP -MF"Drivers/STM32F1xx_HAL_Driver/Src/stm32f1xx_hal_uart.d" -MT"Drivers/STM32F1xx_HAL_Driver/Src/stm32f1xx_hal_uart.o" --specs=nano.specs -mfloat-abi=soft -mthumb -o "Drivers/STM32F1xx_HAL_Driver/Src/stm32f1xx_hal_uart.o"
arm-none-eabi-gcc -mcpu=cortex-m3 -g3 -c -x assembler-with-cpp --specs=nano.specs -mfloat-abi=soft -mthumb -o "Core/Startup/startup_stm32f103rbtx.o" "../Core/Startup/startup_stm32f103rbtx.s"
arm-none-eabi-gcc "../Core/Src/main.c" -mcpu=cortex-m3 -std=gnu11 -g3 -DUSE_HAL_DRIVER -DSTM32F103xB -DDEBUG -c -I../Drivers/CMSIS/Device/ST/STM32F1xx/Include -I../Drivers/CMSIS/Include -I../Core/Inc -I../Drivers/STM32F1xx_HAL_Driver/Inc/Legacy -I../Drivers/STM32F1xx_HAL_Driver/Inc -O0 -ffunction-sections -fdata-sections -Wall -fstack-usage -MMD -MP -MF"Core/Src/main.d" -MT"Core/Src/main.o" --specs=nano.specs -mfloat-abi=soft -mthumb -o "Core/Src/main.o"
arm-none-eabi-gcc "../Core/Src/stm32f1xx_hal_msp.c" -mcpu=cortex-m3 -std=gnu11 -g3 -DUSE_HAL_DRIVER -DSTM32F103xB -DDEBUG -c -I../Drivers/CMSIS/Device/ST/STM32F1xx/Include -I../Drivers/CMSIS/Include -I../Core/Inc -I../Drivers/STM32F1xx_HAL_Driver/Inc/Legacy -I../Drivers/STM32F1xx_HAL_Driver/Inc -O0 -ffunction-sections -fdata-sections -Wall -fstack-usage -MMD -MP -MF"Core/Src/stm32f1xx_hal_msp.d" -MT"Core/Src/stm32f1xx_hal_msp.o" --specs=nano.specs -mfloat-abi=soft -mthumb -o "Core/Src/stm32f1xx_hal_msp.o"
../Core/Src/main.c: In function 'DHT11_Data_Read':
../Core/Src/main.c:135:10: warning: unused variable 'checksum' [-Wunused-variable]
  uint8_t checksum;
          ^~~~~~~~
../Core/Src/main.c:134:10: warning: unused variable 'k' [-Wunused-variable]
  int i,j,k;
          ^
../Core/Src/main.c:134:8: warning: unused variable 'j' [-Wunused-variable]
  int i,j,k;
        ^
arm-none-eabi-gcc "../Core/Src/stm32f1xx_it.c" -mcpu=cortex-m3 -std=gnu11 -g3 -DUSE_HAL_DRIVER -DSTM32F103xB -DDEBUG -c -I../Drivers/CMSIS/Device/ST/STM32F1xx/Include -I../Drivers/CMSIS/Include -I../Core/Inc -I../Drivers/STM32F1xx_HAL_Driver/Inc/Legacy -I../Drivers/STM32F1xx_HAL_Driver/Inc -O0 -ffunction-sections -fdata-sections -Wall -fstack-usage -MMD -MP -MF"Core/Src/stm32f1xx_it.d" -MT"Core/Src/stm32f1xx_it.o" --specs=nano.specs -mfloat-abi=soft -mthumb -o "Core/Src/stm32f1xx_it.o"
arm-none-eabi-gcc "../Core/Src/syscalls.c" -mcpu=cortex-m3 -std=gnu11 -g3 -DUSE_HAL_DRIVER -DSTM32F103xB -DDEBUG -c -I../Drivers/CMSIS/Device/ST/STM32F1xx/Include -I../Drivers/CMSIS/Include -I../Core/Inc -I../Drivers/STM32F1xx_HAL_Driver/Inc/Legacy -I../Drivers/STM32F1xx_HAL_Driver/Inc -O0 -ffunction-sections -fdata-sections -Wall -fstack-usage -MMD -MP -MF"Core/Src/syscalls.d" -MT"Core/Src/syscalls.o" --specs=nano.specs -mfloat-abi=soft -mthumb -o "Core/Src/syscalls.o"
arm-none-eabi-gcc "../Core/Src/sysmem.c" -mcpu=cortex-m3 -std=gnu11 -g3 -DUSE_HAL_DRIVER -DSTM32F103xB -DDEBUG -c -I../Drivers/CMSIS/Device/ST/STM32F1xx/Include -I../Drivers/CMSIS/Include -I../Core/Inc -I../Drivers/STM32F1xx_HAL_Driver/Inc/Legacy -I../Drivers/STM32F1xx_HAL_Driver/Inc -O0 -ffunction-sections -fdata-sections -Wall -fstack-usage -MMD -MP -MF"Core/Src/sysmem.d" -MT"Core/Src/sysmem.o" --specs=nano.specs -mfloat-abi=soft -mthumb -o "Core/Src/sysmem.o"
arm-none-eabi-gcc "../Core/Src/system_stm32f1xx.c" -mcpu=cortex-m3 -std=gnu11 -g3 -DUSE_HAL_DRIVER -DSTM32F103xB -DDEBUG -c -I../Drivers/CMSIS/Device/ST/STM32F1xx/Include -I../Drivers/CMSIS/Include -I../Core/Inc -I../Drivers/STM32F1xx_HAL_Driver/Inc/Legacy -I../Drivers/STM32F1xx_HAL_Driver/Inc -O0 -ffunction-sections -fdata-sections -Wall -fstack-usage -MMD -MP -MF"Core/Src/system_stm32f1xx.d" -MT"Core/Src/system_stm32f1xx.o" --specs=nano.specs -mfloat-abi=soft -mthumb -o "Core/Src/system_stm32f1xx.o"
arm-none-eabi-gcc -o "a14-dht11-gpio.elf" @"objects.list"   -mcpu=cortex-m3 -T"C:\Users\user\Downloads\Visual-C\a14-16-2\a14-dht11-gpio\STM32F103RBTX_FLASH.ld" --specs=nosys.specs -Wl,-Map="a14-dht11-gpio.map" -Wl,--gc-sections -static --specs=nano.specs -mfloat-abi=soft -mthumb -Wl,--start-group -lc -lm -Wl,--end-group
Finished building target: a14-dht11-gpio.elf
 
arm-none-eabi-size   a14-dht11-gpio.elf 
arm-none-eabi-objdump -h -S  a14-dht11-gpio.elf  > "a14-dht11-gpio.list"
arm-none-eabi-objcopy  -O binary  a14-dht11-gpio.elf  "a14-dht11-gpio.bin"
   text	   data	    bss	    dec	    hex	filename
  13496	    120	   1840	  15456	   3c60	a14-dht11-gpio.elf
Finished building: default.size.stdout
 
Finished building: a14-dht11-gpio.bin
 
Finished building: a14-dht11-gpio.list
 
11:16:00 **** Incremental Build of configuration Debug for project a14-dht11-gpio ****
make -j16 all 
arm-none-eabi-size   a14-dht11-gpio.elf 
   text	   data	    bss	    dec	    hex	filename
  13496	    120	   1840	  15456	   3c60	a14-dht11-gpio.elf
Finished building: default.size.stdout
 
11:17:19 **** Incremental Build of configuration Debug for project a14-dht11-gpio ****
make -j16 all 
arm-none-eabi-size   a14-dht11-gpio.elf 
   text	   data	    bss	    dec	    hex	filename
  13496	    120	   1840	  15456	   3c60	a14-dht11-gpio.elf
Finished building: default.size.stdout
 
11:19:55 **** Incremental Build of configuration Debug for project a14-dht11-gpio ****
make -j16 all 
arm-none-eabi-size   a14-dht11-gpio.elf 
   text	   data	    bss	    dec	    hex	filename
  13496	    120	   1840	  15456	   3c60	a14-dht11-gpio.elf
Finished building: default.size.stdout
 
11:21:49 **** Incremental Build of configuration Debug for project a14-dht11-gpio ****
make -j16 all 
arm-none-eabi-size   a14-dht11-gpio.elf 
   text	   data	    bss	    dec	    hex	filename
  13496	    120	   1840	  15456	   3c60	a14-dht11-gpio.elf
Finished building: default.size.stdout
 
11:21:59 **** Incremental Build of configuration Debug for project a14-dht11-gpio ****
make -j16 all 
arm-none-eabi-size   a14-dht11-gpio.elf 
   text	   data	    bss	    dec	    hex	filename
  13496	    120	   1840	  15456	   3c60	a14-dht11-gpio.elf
Finished building: default.size.stdout
 
11:42:59 **** Incremental Build of configuration Debug for project a14-dht11-gpio ****
make -j16 all 
arm-none-eabi-gcc "../Core/Src/main.c" -mcpu=cortex-m3 -std=gnu11 -g3 -DUSE_HAL_DRIVER -DSTM32F103xB -DDEBUG -c -I../Drivers/CMSIS/Device/ST/STM32F1xx/Include -I../Drivers/CMSIS/Include -I../Core/Inc -I../Drivers/STM32F1xx_HAL_Driver/Inc/Legacy -I../Drivers/STM32F1xx_HAL_Driver/Inc -O0 -ffunction-sections -fdata-sections -Wall -fstack-usage -MMD -MP -MF"Core/Src/main.d" -MT"Core/Src/main.o" --specs=nano.specs -mfloat-abi=soft -mthumb -o "Core/Src/main.o"
../Core/Src/main.c: In function 'DHT11_Data_Read':
../Core/Src/main.c:135:10: warning: unused variable 'checksum' [-Wunused-variable]
  uint8_t checksum;
          ^~~~~~~~
../Core/Src/main.c:134:10: warning: unused variable 'k' [-Wunused-variable]
  int i,j,k;
          ^
../Core/Src/main.c:134:8: warning: unused variable 'j' [-Wunused-variable]
  int i,j,k;
        ^
arm-none-eabi-gcc -o "a14-dht11-gpio.elf" @"objects.list"   -mcpu=cortex-m3 -T"C:\Users\user\Downloads\Visual-C\a14-16-2\a14-dht11-gpio\STM32F103RBTX_FLASH.ld" --specs=nosys.specs -Wl,-Map="a14-dht11-gpio.map" -Wl,--gc-sections -static --specs=nano.specs -mfloat-abi=soft -mthumb -Wl,--start-group -lc -lm -Wl,--end-group
Finished building target: a14-dht11-gpio.elf
 
arm-none-eabi-objdump -h -S  a14-dht11-gpio.elf  > "a14-dht11-gpio.list"
arm-none-eabi-objcopy  -O binary  a14-dht11-gpio.elf  "a14-dht11-gpio.bin"
arm-none-eabi-size   a14-dht11-gpio.elf 
   text	   data	    bss	    dec	    hex	filename
  13512	    120	   1840	  15472	   3c70	a14-dht11-gpio.elf
Finished building: default.size.stdout
 
Finished building: a14-dht11-gpio.bin
 
Finished building: a14-dht11-gpio.list
 
11:44:12 **** Incremental Build of configuration Debug for project a14-dht11-gpio ****
make -j16 all 
arm-none-eabi-gcc "../Core/Src/main.c" -mcpu=cortex-m3 -std=gnu11 -g3 -DUSE_HAL_DRIVER -DSTM32F103xB -DDEBUG -c -I../Drivers/CMSIS/Device/ST/STM32F1xx/Include -I../Drivers/CMSIS/Include -I../Core/Inc -I../Drivers/STM32F1xx_HAL_Driver/Inc/Legacy -I../Drivers/STM32F1xx_HAL_Driver/Inc -O0 -ffunction-sections -fdata-sections -Wall -fstack-usage -MMD -MP -MF"Core/Src/main.d" -MT"Core/Src/main.o" --specs=nano.specs -mfloat-abi=soft -mthumb -o "Core/Src/main.o"
../Core/Src/main.c: In function 'DHT11_Data_Read':
../Core/Src/main.c:135:10: warning: unused variable 'checksum' [-Wunused-variable]
  uint8_t checksum;
          ^~~~~~~~
../Core/Src/main.c:134:10: warning: unused variable 'k' [-Wunused-variable]
  int i,j,k;
          ^
arm-none-eabi-gcc -o "a14-dht11-gpio.elf" @"objects.list"   -mcpu=cortex-m3 -T"C:\Users\user\Downloads\Visual-C\a14-16-2\a14-dht11-gpio\STM32F103RBTX_FLASH.ld" --specs=nosys.specs -Wl,-Map="a14-dht11-gpio.map" -Wl,--gc-sections -static --specs=nano.specs -mfloat-abi=soft -mthumb -Wl,--start-group -lc -lm -Wl,--end-group
Finished building target: a14-dht11-gpio.elf
 
arm-none-eabi-objdump -h -S  a14-dht11-gpio.elf  > "a14-dht11-gpio.list"
arm-none-eabi-objcopy  -O binary  a14-dht11-gpio.elf  "a14-dht11-gpio.bin"
arm-none-eabi-size   a14-dht11-gpio.elf 
   text	   data	    bss	    dec	    hex	filename
  13528	    120	   1840	  15488	   3c80	a14-dht11-gpio.elf
Finished building: default.size.stdout
 
Finished building: a14-dht11-gpio.bin
 
Finished building: a14-dht11-gpio.list
 
11:44:20 **** Incremental Build of configuration Debug for project a14-dht11-gpio ****
make -j16 all 
arm-none-eabi-size   a14-dht11-gpio.elf 
   text	   data	    bss	    dec	    hex	filename
  13528	    120	   1840	  15488	   3c80	a14-dht11-gpio.elf
Finished building: default.size.stdout
 
11:45:11 **** Incremental Build of configuration Debug for project a14-dht11-gpio ****
make -j16 all 
arm-none-eabi-gcc "../Core/Src/main.c" -mcpu=cortex-m3 -std=gnu11 -g3 -DUSE_HAL_DRIVER -DSTM32F103xB -DDEBUG -c -I../Drivers/CMSIS/Device/ST/STM32F1xx/Include -I../Drivers/CMSIS/Include -I../Core/Inc -I../Drivers/STM32F1xx_HAL_Driver/Inc/Legacy -I../Drivers/STM32F1xx_HAL_Driver/Inc -O0 -ffunction-sections -fdata-sections -Wall -fstack-usage -MMD -MP -MF"Core/Src/main.d" -MT"Core/Src/main.o" --specs=nano.specs -mfloat-abi=soft -mthumb -o "Core/Src/main.o"
../Core/Src/main.c: In function 'DHT11_Data_Read':
../Core/Src/main.c:165:2: error: expected ';' before 'for'
  for(j=0; j < 9; j++){
  ^~~
../Core/Src/main.c:135:10: warning: unused variable 'checksum' [-Wunused-variable]
  uint8_t checksum;
          ^~~~~~~~
../Core/Src/main.c:134:10: warning: unused variable 'k' [-Wunused-variable]
  int i,j,k;
          ^
../Core/Src/main.c:134:8: warning: unused variable 'j' [-Wunused-variable]
  int i,j,k;
        ^
make: *** [Core/Src/subdir.mk:33: Core/Src/main.o] Error 1
"make -j16 all" terminated with exit code 2. Build might be incomplete.
11:45:24 **** Incremental Build of configuration Debug for project a14-dht11-gpio ****
make -j16 all 
arm-none-eabi-gcc "../Core/Src/main.c" -mcpu=cortex-m3 -std=gnu11 -g3 -DUSE_HAL_DRIVER -DSTM32F103xB -DDEBUG -c -I../Drivers/CMSIS/Device/ST/STM32F1xx/Include -I../Drivers/CMSIS/Include -I../Core/Inc -I../Drivers/STM32F1xx_HAL_Driver/Inc/Legacy -I../Drivers/STM32F1xx_HAL_Driver/Inc -O0 -ffunction-sections -fdata-sections -Wall -fstack-usage -MMD -MP -MF"Core/Src/main.d" -MT"Core/Src/main.o" --specs=nano.specs -mfloat-abi=soft -mthumb -o "Core/Src/main.o"
../Core/Src/main.c: In function 'DHT11_Data_Read':
../Core/Src/main.c:135:10: warning: unused variable 'checksum' [-Wunused-variable]
  uint8_t checksum;
          ^~~~~~~~
../Core/Src/main.c:134:10: warning: unused variable 'k' [-Wunused-variable]
  int i,j,k;
          ^
arm-none-eabi-gcc -o "a14-dht11-gpio.elf" @"objects.list"   -mcpu=cortex-m3 -T"C:\Users\user\Downloads\Visual-C\a14-16-2\a14-dht11-gpio\STM32F103RBTX_FLASH.ld" --specs=nosys.specs -Wl,-Map="a14-dht11-gpio.map" -Wl,--gc-sections -static --specs=nano.specs -mfloat-abi=soft -mthumb -Wl,--start-group -lc -lm -Wl,--end-group
Finished building target: a14-dht11-gpio.elf
 
arm-none-eabi-objdump -h -S  a14-dht11-gpio.elf  > "a14-dht11-gpio.list"
arm-none-eabi-objcopy  -O binary  a14-dht11-gpio.elf  "a14-dht11-gpio.bin"
arm-none-eabi-size   a14-dht11-gpio.elf 
   text	   data	    bss	    dec	    hex	filename
  13536	    120	   1840	  15496	   3c88	a14-dht11-gpio.elf
Finished building: default.size.stdout
 
Finished building: a14-dht11-gpio.bin
 
Finished building: a14-dht11-gpio.list
 
11:45:53 **** Incremental Build of configuration Debug for project a14-dht11-gpio ****
make -j16 all 
arm-none-eabi-gcc "../Core/Src/main.c" -mcpu=cortex-m3 -std=gnu11 -g3 -DUSE_HAL_DRIVER -DSTM32F103xB -DDEBUG -c -I../Drivers/CMSIS/Device/ST/STM32F1xx/Include -I../Drivers/CMSIS/Include -I../Core/Inc -I../Drivers/STM32F1xx_HAL_Driver/Inc/Legacy -I../Drivers/STM32F1xx_HAL_Driver/Inc -O0 -ffunction-sections -fdata-sections -Wall -fstack-usage -MMD -MP -MF"Core/Src/main.d" -MT"Core/Src/main.o" --specs=nano.specs -mfloat-abi=soft -mthumb -o "Core/Src/main.o"
../Core/Src/main.c: In function 'DHT11_Data_Read':
../Core/Src/main.c:135:10: warning: unused variable 'checksum' [-Wunused-variable]
  uint8_t checksum;
          ^~~~~~~~
../Core/Src/main.c:134:10: warning: unused variable 'k' [-Wunused-variable]
  int i,j,k;
          ^
arm-none-eabi-gcc -o "a14-dht11-gpio.elf" @"objects.list"   -mcpu=cortex-m3 -T"C:\Users\user\Downloads\Visual-C\a14-16-2\a14-dht11-gpio\STM32F103RBTX_FLASH.ld" --specs=nosys.specs -Wl,-Map="a14-dht11-gpio.map" -Wl,--gc-sections -static --specs=nano.specs -mfloat-abi=soft -mthumb -Wl,--start-group -lc -lm -Wl,--end-group
Finished building target: a14-dht11-gpio.elf
 
arm-none-eabi-objdump -h -S  a14-dht11-gpio.elf  > "a14-dht11-gpio.list"
arm-none-eabi-objcopy  -O binary  a14-dht11-gpio.elf  "a14-dht11-gpio.bin"
arm-none-eabi-size   a14-dht11-gpio.elf 
   text	   data	    bss	    dec	    hex	filename
  13528	    120	   1840	  15488	   3c80	a14-dht11-gpio.elf
Finished building: default.size.stdout
 
Finished building: a14-dht11-gpio.bin
 
Finished building: a14-dht11-gpio.list
 
11:51:44 **** Incremental Build of configuration Debug for project a14-dht11-gpio ****
make -j16 all 
arm-none-eabi-gcc "../Core/Src/main.c" -mcpu=cortex-m3 -std=gnu11 -g3 -DUSE_HAL_DRIVER -DSTM32F103xB -DDEBUG -c -I../Drivers/CMSIS/Device/ST/STM32F1xx/Include -I../Drivers/CMSIS/Include -I../Core/Inc -I../Drivers/STM32F1xx_HAL_Driver/Inc/Legacy -I../Drivers/STM32F1xx_HAL_Driver/Inc -O0 -ffunction-sections -fdata-sections -Wall -fstack-usage -MMD -MP -MF"Core/Src/main.d" -MT"Core/Src/main.o" --specs=nano.specs -mfloat-abi=soft -mthumb -o "Core/Src/main.o"
../Core/Src/main.c: In function 'DHT11_Data_Read':
../Core/Src/main.c:135:10: warning: unused variable 'checksum' [-Wunused-variable]
  uint8_t checksum;
          ^~~~~~~~
../Core/Src/main.c:134:10: warning: unused variable 'k' [-Wunused-variable]
  int i,j,k;
          ^
arm-none-eabi-gcc -o "a14-dht11-gpio.elf" @"objects.list"   -mcpu=cortex-m3 -T"C:\Users\user\Downloads\Visual-C\a14-16-2\a14-dht11-gpio\STM32F103RBTX_FLASH.ld" --specs=nosys.specs -Wl,-Map="a14-dht11-gpio.map" -Wl,--gc-sections -static --specs=nano.specs -mfloat-abi=soft -mthumb -Wl,--start-group -lc -lm -Wl,--end-group
Finished building target: a14-dht11-gpio.elf
 
arm-none-eabi-objdump -h -S  a14-dht11-gpio.elf  > "a14-dht11-gpio.list"
arm-none-eabi-objcopy  -O binary  a14-dht11-gpio.elf  "a14-dht11-gpio.bin"
arm-none-eabi-size   a14-dht11-gpio.elf 
   text	   data	    bss	    dec	    hex	filename
  13536	    120	   1840	  15496	   3c88	a14-dht11-gpio.elf
Finished building: default.size.stdout
 
Finished building: a14-dht11-gpio.bin
 
Finished building: a14-dht11-gpio.list
 
12:01:04 **** Incremental Build of configuration Debug for project a14-dht11-gpio ****
make -j16 all 
arm-none-eabi-gcc "../Core/Src/main.c" -mcpu=cortex-m3 -std=gnu11 -g3 -DUSE_HAL_DRIVER -DSTM32F103xB -DDEBUG -c -I../Drivers/CMSIS/Device/ST/STM32F1xx/Include -I../Drivers/CMSIS/Include -I../Core/Inc -I../Drivers/STM32F1xx_HAL_Driver/Inc/Legacy -I../Drivers/STM32F1xx_HAL_Driver/Inc -O0 -ffunction-sections -fdata-sections -Wall -fstack-usage -MMD -MP -MF"Core/Src/main.d" -MT"Core/Src/main.o" --specs=nano.specs -mfloat-abi=soft -mthumb -o "Core/Src/main.o"
../Core/Src/main.c: In function 'DHT11_Data_Read':
../Core/Src/main.c:165:4: error: 'DHT11Data' undeclared (first use in this function); did you mean 'DHT11BitData'?
    DHT11Data[i] = 0;
    ^~~~~~~~~
    DHT11BitData
../Core/Src/main.c:165:4: note: each undeclared identifier is reported only once for each function it appears in
../Core/Src/main.c:134:10: warning: unused variable 'k' [-Wunused-variable]
  int i,j,k;
          ^
make: *** [Core/Src/subdir.mk:33: Core/Src/main.o] Error 1
"make -j16 all" terminated with exit code 2. Build might be incomplete.
12:01:17 **** Incremental Build of configuration Debug for project a14-dht11-gpio ****
make -j16 all 
arm-none-eabi-gcc "../Core/Src/main.c" -mcpu=cortex-m3 -std=gnu11 -g3 -DUSE_HAL_DRIVER -DSTM32F103xB -DDEBUG -c -I../Drivers/CMSIS/Device/ST/STM32F1xx/Include -I../Drivers/CMSIS/Include -I../Core/Inc -I../Drivers/STM32F1xx_HAL_Driver/Inc/Legacy -I../Drivers/STM32F1xx_HAL_Driver/Inc -O0 -ffunction-sections -fdata-sections -Wall -fstack-usage -MMD -MP -MF"Core/Src/main.d" -MT"Core/Src/main.o" --specs=nano.specs -mfloat-abi=soft -mthumb -o "Core/Src/main.o"
../Core/Src/main.c: In function 'DHT11_Data_Read':
../Core/Src/main.c:134:10: warning: unused variable 'k' [-Wunused-variable]
  int i,j,k;
          ^
arm-none-eabi-gcc -o "a14-dht11-gpio.elf" @"objects.list"   -mcpu=cortex-m3 -T"C:\Users\user\Downloads\Visual-C\a14-16-2\a14-dht11-gpio\STM32F103RBTX_FLASH.ld" --specs=nosys.specs -Wl,-Map="a14-dht11-gpio.map" -Wl,--gc-sections -static --specs=nano.specs -mfloat-abi=soft -mthumb -Wl,--start-group -lc -lm -Wl,--end-group
Finished building target: a14-dht11-gpio.elf
 
arm-none-eabi-objdump -h -S  a14-dht11-gpio.elf  > "a14-dht11-gpio.list"
arm-none-eabi-objcopy  -O binary  a14-dht11-gpio.elf  "a14-dht11-gpio.bin"
arm-none-eabi-size   a14-dht11-gpio.elf 
   text	   data	    bss	    dec	    hex	filename
  13756	    120	   1840	  15716	   3d64	a14-dht11-gpio.elf
Finished building: default.size.stdout
 
Finished building: a14-dht11-gpio.bin
 
Finished building: a14-dht11-gpio.list
 
12:04:08 **** Incremental Build of configuration Debug for project a14-dht11-gpio ****
make -j16 all 
arm-none-eabi-gcc "../Core/Src/main.c" -mcpu=cortex-m3 -std=gnu11 -g3 -DUSE_HAL_DRIVER -DSTM32F103xB -DDEBUG -c -I../Drivers/CMSIS/Device/ST/STM32F1xx/Include -I../Drivers/CMSIS/Include -I../Core/Inc -I../Drivers/STM32F1xx_HAL_Driver/Inc/Legacy -I../Drivers/STM32F1xx_HAL_Driver/Inc -O0 -ffunction-sections -fdata-sections -Wall -fstack-usage -MMD -MP -MF"Core/Src/main.d" -MT"Core/Src/main.o" --specs=nano.specs -mfloat-abi=soft -mthumb -o "Core/Src/main.o"
../Core/Src/main.c: In function 'DHT11_Data_Read':
../Core/Src/main.c:134:10: warning: unused variable 'k' [-Wunused-variable]
  int i,j,k;
          ^
arm-none-eabi-gcc -o "a14-dht11-gpio.elf" @"objects.list"   -mcpu=cortex-m3 -T"C:\Users\user\Downloads\Visual-C\a14-16-2\a14-dht11-gpio\STM32F103RBTX_FLASH.ld" --specs=nosys.specs -Wl,-Map="a14-dht11-gpio.map" -Wl,--gc-sections -static --specs=nano.specs -mfloat-abi=soft -mthumb -Wl,--start-group -lc -lm -Wl,--end-group
Finished building target: a14-dht11-gpio.elf
 
arm-none-eabi-objdump -h -S  a14-dht11-gpio.elf  > "a14-dht11-gpio.list"
arm-none-eabi-objcopy  -O binary  a14-dht11-gpio.elf  "a14-dht11-gpio.bin"
arm-none-eabi-size   a14-dht11-gpio.elf 
   text	   data	    bss	    dec	    hex	filename
  13756	    120	   1840	  15716	   3d64	a14-dht11-gpio.elf
Finished building: default.size.stdout
 
Finished building: a14-dht11-gpio.bin
 
Finished building: a14-dht11-gpio.list
 
12:06:28 **** Incremental Build of configuration Debug for project a14-dht11-gpio ****
make -j16 all 
arm-none-eabi-gcc "../Core/Src/main.c" -mcpu=cortex-m3 -std=gnu11 -g3 -DUSE_HAL_DRIVER -DSTM32F103xB -DDEBUG -c -I../Drivers/CMSIS/Device/ST/STM32F1xx/Include -I../Drivers/CMSIS/Include -I../Core/Inc -I../Drivers/STM32F1xx_HAL_Driver/Inc/Legacy -I../Drivers/STM32F1xx_HAL_Driver/Inc -O0 -ffunction-sections -fdata-sections -Wall -fstack-usage -MMD -MP -MF"Core/Src/main.d" -MT"Core/Src/main.o" --specs=nano.specs -mfloat-abi=soft -mthumb -o "Core/Src/main.o"
../Core/Src/main.c: In function 'DHT11_Data_Read':
../Core/Src/main.c:134:10: warning: unused variable 'k' [-Wunused-variable]
  int i,j,k;
          ^
../Core/Src/main.c:183:2: warning: 'checksum' is used uninitialized in this function [-Wuninitialized]
  printf("%d",checksum);
  ^~~~~~~~~~~~~~~~~~~~~
arm-none-eabi-gcc -o "a14-dht11-gpio.elf" @"objects.list"   -mcpu=cortex-m3 -T"C:\Users\user\Downloads\Visual-C\a14-16-2\a14-dht11-gpio\STM32F103RBTX_FLASH.ld" --specs=nosys.specs -Wl,-Map="a14-dht11-gpio.map" -Wl,--gc-sections -static --specs=nano.specs -mfloat-abi=soft -mthumb -Wl,--start-group -lc -lm -Wl,--end-group
Finished building target: a14-dht11-gpio.elf
 
arm-none-eabi-objdump -h -S  a14-dht11-gpio.elf  > "a14-dht11-gpio.list"
arm-none-eabi-objcopy  -O binary  a14-dht11-gpio.elf  "a14-dht11-gpio.bin"
arm-none-eabi-size   a14-dht11-gpio.elf 
   text	   data	    bss	    dec	    hex	filename
  13740	    120	   1840	  15700	   3d54	a14-dht11-gpio.elf
Finished building: default.size.stdout
Finished building: a14-dht11-gpio.bin
 
 
Finished building: a14-dht11-gpio.list
 
12:06:41 **** Incremental Build of configuration Debug for project a14-dht11-gpio ****
make -j16 all 
arm-none-eabi-size   a14-dht11-gpio.elf 
   text	   data	    bss	    dec	    hex	filename
  13740	    120	   1840	  15700	   3d54	a14-dht11-gpio.elf
Finished building: default.size.stdout
 
12:07:12 **** Incremental Build of configuration Debug for project a14-dht11-gpio ****
make -j16 all 
arm-none-eabi-gcc "../Core/Src/main.c" -mcpu=cortex-m3 -std=gnu11 -g3 -DUSE_HAL_DRIVER -DSTM32F103xB -DDEBUG -c -I../Drivers/CMSIS/Device/ST/STM32F1xx/Include -I../Drivers/CMSIS/Include -I../Core/Inc -I../Drivers/STM32F1xx_HAL_Driver/Inc/Legacy -I../Drivers/STM32F1xx_HAL_Driver/Inc -O0 -ffunction-sections -fdata-sections -Wall -fstack-usage -MMD -MP -MF"Core/Src/main.d" -MT"Core/Src/main.o" --specs=nano.specs -mfloat-abi=soft -mthumb -o "Core/Src/main.o"
../Core/Src/main.c: In function 'DHT11_Data_Read':
../Core/Src/main.c:134:10: warning: unused variable 'k' [-Wunused-variable]
  int i,j,k;
          ^
../Core/Src/main.c:183:2: warning: 'checksum' is used uninitialized in this function [-Wuninitialized]
  printf("%d",checksum);
  ^~~~~~~~~~~~~~~~~~~~~
arm-none-eabi-gcc -o "a14-dht11-gpio.elf" @"objects.list"   -mcpu=cortex-m3 -T"C:\Users\user\Downloads\Visual-C\a14-16-2\a14-dht11-gpio\STM32F103RBTX_FLASH.ld" --specs=nosys.specs -Wl,-Map="a14-dht11-gpio.map" -Wl,--gc-sections -static --specs=nano.specs -mfloat-abi=soft -mthumb -Wl,--start-group -lc -lm -Wl,--end-group
Finished building target: a14-dht11-gpio.elf
 
arm-none-eabi-objdump -h -S  a14-dht11-gpio.elf  > "a14-dht11-gpio.list"
arm-none-eabi-objcopy  -O binary  a14-dht11-gpio.elf  "a14-dht11-gpio.bin"
arm-none-eabi-size   a14-dht11-gpio.elf 
   text	   data	    bss	    dec	    hex	filename
  13740	    120	   1840	  15700	   3d54	a14-dht11-gpio.elf
Finished building: default.size.stdout
 
Finished building: a14-dht11-gpio.bin
 
Finished building: a14-dht11-gpio.list
 
12:08:15 **** Incremental Build of configuration Debug for project a14-dht11-gpio ****
make -j16 all 
arm-none-eabi-gcc "../Core/Src/main.c" -mcpu=cortex-m3 -std=gnu11 -g3 -DUSE_HAL_DRIVER -DSTM32F103xB -DDEBUG -c -I../Drivers/CMSIS/Device/ST/STM32F1xx/Include -I../Drivers/CMSIS/Include -I../Core/Inc -I../Drivers/STM32F1xx_HAL_Driver/Inc/Legacy -I../Drivers/STM32F1xx_HAL_Driver/Inc -O0 -ffunction-sections -fdata-sections -Wall -fstack-usage -MMD -MP -MF"Core/Src/main.d" -MT"Core/Src/main.o" --specs=nano.specs -mfloat-abi=soft -mthumb -o "Core/Src/main.o"
../Core/Src/main.c: In function 'DHT11_Data_Read':
../Core/Src/main.c:177:43: error: expected ')' before ';' token
   checksum += ((DHT11BitData[i+34]<<(7-i));
                                           ^
../Core/Src/main.c:179:2: error: expected ';' before '}' token
  }
  ^
../Core/Src/main.c:134:10: warning: unused variable 'k' [-Wunused-variable]
  int i,j,k;
          ^
make: *** [Core/Src/subdir.mk:33: Core/Src/main.o] Error 1
"make -j16 all" terminated with exit code 2. Build might be incomplete.
12:08:28 **** Incremental Build of configuration Debug for project a14-dht11-gpio ****
make -j16 all 
arm-none-eabi-gcc "../Core/Src/main.c" -mcpu=cortex-m3 -std=gnu11 -g3 -DUSE_HAL_DRIVER -DSTM32F103xB -DDEBUG -c -I../Drivers/CMSIS/Device/ST/STM32F1xx/Include -I../Drivers/CMSIS/Include -I../Core/Inc -I../Drivers/STM32F1xx_HAL_Driver/Inc/Legacy -I../Drivers/STM32F1xx_HAL_Driver/Inc -O0 -ffunction-sections -fdata-sections -Wall -fstack-usage -MMD -MP -MF"Core/Src/main.d" -MT"Core/Src/main.o" --specs=nano.specs -mfloat-abi=soft -mthumb -o "Core/Src/main.o"
../Core/Src/main.c: In function 'DHT11_Data_Read':
../Core/Src/main.c:134:10: warning: unused variable 'k' [-Wunused-variable]
  int i,j,k;
          ^
arm-none-eabi-gcc -o "a14-dht11-gpio.elf" @"objects.list"   -mcpu=cortex-m3 -T"C:\Users\user\Downloads\Visual-C\a14-16-2\a14-dht11-gpio\STM32F103RBTX_FLASH.ld" --specs=nosys.specs -Wl,-Map="a14-dht11-gpio.map" -Wl,--gc-sections -static --specs=nano.specs -mfloat-abi=soft -mthumb -Wl,--start-group -lc -lm -Wl,--end-group
Finished building target: a14-dht11-gpio.elf
 
arm-none-eabi-objdump -h -S  a14-dht11-gpio.elf  > "a14-dht11-gpio.list"
arm-none-eabi-objcopy  -O binary  a14-dht11-gpio.elf  "a14-dht11-gpio.bin"
arm-none-eabi-size   a14-dht11-gpio.elf 
   text	   data	    bss	    dec	    hex	filename
  13768	    120	   1840	  15728	   3d70	a14-dht11-gpio.elf
Finished building: default.size.stdout
 
Finished building: a14-dht11-gpio.bin
 
Finished building: a14-dht11-gpio.list
 
12:10:46 **** Incremental Build of configuration Debug for project a14-dht11-gpio ****
make -j16 all 
arm-none-eabi-gcc "../Core/Src/main.c" -mcpu=cortex-m3 -std=gnu11 -g3 -DUSE_HAL_DRIVER -DSTM32F103xB -DDEBUG -c -I../Drivers/CMSIS/Device/ST/STM32F1xx/Include -I../Drivers/CMSIS/Include -I../Core/Inc -I../Drivers/STM32F1xx_HAL_Driver/Inc/Legacy -I../Drivers/STM32F1xx_HAL_Driver/Inc -O0 -ffunction-sections -fdata-sections -Wall -fstack-usage -MMD -MP -MF"Core/Src/main.d" -MT"Core/Src/main.o" --specs=nano.specs -mfloat-abi=soft -mthumb -o "Core/Src/main.o"
../Core/Src/main.c: In function 'DHT11_Data_Read':
../Core/Src/main.c:134:10: warning: unused variable 'k' [-Wunused-variable]
  int i,j,k;
          ^
arm-none-eabi-gcc -o "a14-dht11-gpio.elf" @"objects.list"   -mcpu=cortex-m3 -T"C:\Users\user\Downloads\Visual-C\a14-16-2\a14-dht11-gpio\STM32F103RBTX_FLASH.ld" --specs=nosys.specs -Wl,-Map="a14-dht11-gpio.map" -Wl,--gc-sections -static --specs=nano.specs -mfloat-abi=soft -mthumb -Wl,--start-group -lc -lm -Wl,--end-group
Finished building target: a14-dht11-gpio.elf
 
arm-none-eabi-objdump -h -S  a14-dht11-gpio.elf  > "a14-dht11-gpio.list"
arm-none-eabi-objcopy  -O binary  a14-dht11-gpio.elf  "a14-dht11-gpio.bin"
arm-none-eabi-size   a14-dht11-gpio.elf 
   text	   data	    bss	    dec	    hex	filename
  13764	    120	   1840	  15724	   3d6c	a14-dht11-gpio.elf
Finished building: default.size.stdout
 
Finished building: a14-dht11-gpio.bin
 
Finished building: a14-dht11-gpio.list
 
12:11:19 **** Incremental Build of configuration Debug for project a14-dht11-gpio ****
make -j16 all 
arm-none-eabi-gcc "../Core/Src/main.c" -mcpu=cortex-m3 -std=gnu11 -g3 -DUSE_HAL_DRIVER -DSTM32F103xB -DDEBUG -c -I../Drivers/CMSIS/Device/ST/STM32F1xx/Include -I../Drivers/CMSIS/Include -I../Core/Inc -I../Drivers/STM32F1xx_HAL_Driver/Inc/Legacy -I../Drivers/STM32F1xx_HAL_Driver/Inc -O0 -ffunction-sections -fdata-sections -Wall -fstack-usage -MMD -MP -MF"Core/Src/main.d" -MT"Core/Src/main.o" --specs=nano.specs -mfloat-abi=soft -mthumb -o "Core/Src/main.o"
../Core/Src/main.c: In function 'DHT11_Data_Read':
../Core/Src/main.c:134:10: warning: unused variable 'k' [-Wunused-variable]
  int i,j,k;
          ^
../Core/Src/main.c:134:8: warning: unused variable 'j' [-Wunused-variable]
  int i,j,k;
        ^
arm-none-eabi-gcc -o "a14-dht11-gpio.elf" @"objects.list"   -mcpu=cortex-m3 -T"C:\Users\user\Downloads\Visual-C\a14-16-2\a14-dht11-gpio\STM32F103RBTX_FLASH.ld" --specs=nosys.specs -Wl,-Map="a14-dht11-gpio.map" -Wl,--gc-sections -static --specs=nano.specs -mfloat-abi=soft -mthumb -Wl,--start-group -lc -lm -Wl,--end-group
Finished building target: a14-dht11-gpio.elf
 
arm-none-eabi-objdump -h -S  a14-dht11-gpio.elf  > "a14-dht11-gpio.list"
arm-none-eabi-objcopy  -O binary  a14-dht11-gpio.elf  "a14-dht11-gpio.bin"
arm-none-eabi-size   a14-dht11-gpio.elf 
   text	   data	    bss	    dec	    hex	filename
  13764	    120	   1840	  15724	   3d6c	a14-dht11-gpio.elf
Finished building: default.size.stdout
 
Finished building: a14-dht11-gpio.bin
 
Finished building: a14-dht11-gpio.list
 
12:12:22 **** Incremental Build of configuration Debug for project a14-dht11-gpio ****
make -j16 all 
arm-none-eabi-gcc "../Core/Src/main.c" -mcpu=cortex-m3 -std=gnu11 -g3 -DUSE_HAL_DRIVER -DSTM32F103xB -DDEBUG -c -I../Drivers/CMSIS/Device/ST/STM32F1xx/Include -I../Drivers/CMSIS/Include -I../Core/Inc -I../Drivers/STM32F1xx_HAL_Driver/Inc/Legacy -I../Drivers/STM32F1xx_HAL_Driver/Inc -O0 -ffunction-sections -fdata-sections -Wall -fstack-usage -MMD -MP -MF"Core/Src/main.d" -MT"Core/Src/main.o" --specs=nano.specs -mfloat-abi=soft -mthumb -o "Core/Src/main.o"
../Core/Src/main.c: In function 'DHT11_Data_Read':
../Core/Src/main.c:134:10: warning: unused variable 'k' [-Wunused-variable]
  int i,j,k;
          ^
arm-none-eabi-gcc -o "a14-dht11-gpio.elf" @"objects.list"   -mcpu=cortex-m3 -T"C:\Users\user\Downloads\Visual-C\a14-16-2\a14-dht11-gpio\STM32F103RBTX_FLASH.ld" --specs=nosys.specs -Wl,-Map="a14-dht11-gpio.map" -Wl,--gc-sections -static --specs=nano.specs -mfloat-abi=soft -mthumb -Wl,--start-group -lc -lm -Wl,--end-group
Finished building target: a14-dht11-gpio.elf
 
arm-none-eabi-objdump -h -S  a14-dht11-gpio.elf  > "a14-dht11-gpio.list"
arm-none-eabi-objcopy  -O binary  a14-dht11-gpio.elf  "a14-dht11-gpio.bin"
arm-none-eabi-size   a14-dht11-gpio.elf 
   text	   data	    bss	    dec	    hex	filename
  13752	    120	   1840	  15712	   3d60	a14-dht11-gpio.elf
Finished building: default.size.stdout
 
Finished building: a14-dht11-gpio.bin
 
Finished building: a14-dht11-gpio.list
 
12:13:09 **** Incremental Build of configuration Debug for project a14-dht11-gpio ****
make -j16 all 
arm-none-eabi-gcc "../Core/Src/main.c" -mcpu=cortex-m3 -std=gnu11 -g3 -DUSE_HAL_DRIVER -DSTM32F103xB -DDEBUG -c -I../Drivers/CMSIS/Device/ST/STM32F1xx/Include -I../Drivers/CMSIS/Include -I../Core/Inc -I../Drivers/STM32F1xx_HAL_Driver/Inc/Legacy -I../Drivers/STM32F1xx_HAL_Driver/Inc -O0 -ffunction-sections -fdata-sections -Wall -fstack-usage -MMD -MP -MF"Core/Src/main.d" -MT"Core/Src/main.o" --specs=nano.specs -mfloat-abi=soft -mthumb -o "Core/Src/main.o"
../Core/Src/main.c: In function 'DHT11_Data_Read':
../Core/Src/main.c:134:10: warning: unused variable 'k' [-Wunused-variable]
  int i,j,k;
          ^
arm-none-eabi-gcc -o "a14-dht11-gpio.elf" @"objects.list"   -mcpu=cortex-m3 -T"C:\Users\user\Downloads\Visual-C\a14-16-2\a14-dht11-gpio\STM32F103RBTX_FLASH.ld" --specs=nosys.specs -Wl,-Map="a14-dht11-gpio.map" -Wl,--gc-sections -static --specs=nano.specs -mfloat-abi=soft -mthumb -Wl,--start-group -lc -lm -Wl,--end-group
Finished building target: a14-dht11-gpio.elf
 
arm-none-eabi-objdump -h -S  a14-dht11-gpio.elf  > "a14-dht11-gpio.list"
arm-none-eabi-objcopy  -O binary  a14-dht11-gpio.elf  "a14-dht11-gpio.bin"
arm-none-eabi-size   a14-dht11-gpio.elf 
   text	   data	    bss	    dec	    hex	filename
  13772	    120	   1840	  15732	   3d74	a14-dht11-gpio.elf
Finished building: default.size.stdout
 
Finished building: a14-dht11-gpio.bin
 
Finished building: a14-dht11-gpio.list
 
12:15:33 **** Incremental Build of configuration Debug for project a14-dht11-gpio ****
make -j16 all 
arm-none-eabi-gcc "../Core/Src/main.c" -mcpu=cortex-m3 -std=gnu11 -g3 -DUSE_HAL_DRIVER -DSTM32F103xB -DDEBUG -c -I../Drivers/CMSIS/Device/ST/STM32F1xx/Include -I../Drivers/CMSIS/Include -I../Core/Inc -I../Drivers/STM32F1xx_HAL_Driver/Inc/Legacy -I../Drivers/STM32F1xx_HAL_Driver/Inc -O0 -ffunction-sections -fdata-sections -Wall -fstack-usage -MMD -MP -MF"Core/Src/main.d" -MT"Core/Src/main.o" --specs=nano.specs -mfloat-abi=soft -mthumb -o "Core/Src/main.o"
../Core/Src/main.c: In function 'DHT11_Data_Read':
../Core/Src/main.c:134:10: warning: unused variable 'k' [-Wunused-variable]
  int i,j,k;
          ^
arm-none-eabi-gcc -o "a14-dht11-gpio.elf" @"objects.list"   -mcpu=cortex-m3 -T"C:\Users\user\Downloads\Visual-C\a14-16-2\a14-dht11-gpio\STM32F103RBTX_FLASH.ld" --specs=nosys.specs -Wl,-Map="a14-dht11-gpio.map" -Wl,--gc-sections -static --specs=nano.specs -mfloat-abi=soft -mthumb -Wl,--start-group -lc -lm -Wl,--end-group
Finished building target: a14-dht11-gpio.elf
 
arm-none-eabi-objdump -h -S  a14-dht11-gpio.elf  > "a14-dht11-gpio.list"
arm-none-eabi-objcopy  -O binary  a14-dht11-gpio.elf  "a14-dht11-gpio.bin"
arm-none-eabi-size   a14-dht11-gpio.elf 
   text	   data	    bss	    dec	    hex	filename
  13804	    120	   1840	  15764	   3d94	a14-dht11-gpio.elf
Finished building: default.size.stdout
 
Finished building: a14-dht11-gpio.bin
 
Finished building: a14-dht11-gpio.list
 
